// Jest Snapshot v1, https://goo.gl/fbAQLP

exports[`should render AddExpense correctly 1`] = `
<div>
  <h1>
    Expense Form
  </h1>
  <ExpenseForm
    onSubmit={[Function]}
  />
</div>
`;
