// Jest Snapshot v1, https://goo.gl/fbAQLP

exports[`should render an Expense list item 1`] = `
<div>
  <Link
    replace={false}
    to="/edit/1"
  >
    Gun
  </Link>
  <p>
    195
     - 
    0
  </p>
</div>
`;
